// Jest Snapshot v1, https://goo.gl/fbAQLP

exports[`Say my name, say my name... 1`] = `
<h1>
  POOP
</h1>
`;
